[debug] [2025-08-08T05:06:20.068Z] ----------------------------------------------------------------------
[debug] [2025-08-08T05:06:20.072Z] Command:       /opt/homebrew/Cellar/node/21.1.0/bin/node /opt/homebrew/bin/firebase init
[debug] [2025-08-08T05:06:20.072Z] CLI Version:   14.12.0
[debug] [2025-08-08T05:06:20.072Z] Platform:      darwin
[debug] [2025-08-08T05:06:20.072Z] Node Version:  v21.1.0
[debug] [2025-08-08T05:06:20.072Z] Time:          Fri Aug 08 2025 14:06:20 GMT+0900 (대한민국 표준시)
[debug] [2025-08-08T05:06:20.072Z] ----------------------------------------------------------------------
[debug] 
[debug] [2025-08-08T05:06:20.073Z] >>> [apiv2][query] GET https://firebase-public.firebaseio.com/cli.json [none]
[debug] [2025-08-08T05:06:20.093Z] > command requires scopes: ["email","openid","https://www.googleapis.com/auth/cloudplatformprojects.readonly","https://www.googleapis.com/auth/firebase","https://www.googleapis.com/auth/cloud-platform"]
[debug] [2025-08-08T05:06:20.093Z] > authorizing via signed-in user (lightram23@gmail.com)
[info] 
     ######## #### ########  ######## ########     ###     ######  ########
     ##        ##  ##     ## ##       ##     ##  ##   ##  ##       ##
     ######    ##  ########  ######   ########  #########  ######  ######
     ##        ##  ##    ##  ##       ##     ## ##     ##       ## ##
     ##       #### ##     ## ######## ########  ##     ##  ######  ########

You're about to initialize a Firebase project in this directory:

  /Users/hee/Desktop/25heeport

[debug] [2025-08-08T05:06:20.513Z] <<< [apiv2][status] GET https://firebase-public.firebaseio.com/cli.json 200
[debug] [2025-08-08T05:06:20.513Z] <<< [apiv2][body] GET https://firebase-public.firebaseio.com/cli.json {"cloudBuildErrorAfter":1594252800000,"cloudBuildWarnAfter":1590019200000,"defaultNode10After":1594252800000,"minVersion":"3.0.5","node8DeploysDisabledAfter":1613390400000,"node8RuntimeDisabledAfter":1615809600000,"node8WarnAfter":1600128000000}
